// Jest Snapshot v1, https://goo.gl/fbAQLP

exports[`Game Flat List Rendered Page 1`] = `
<RCTSafeAreaView
  emulateUnlessSupported={true}
  style={
    Object {
      "flex": 1,
    }
  }
>
  <RCTScrollView
    data={
      Array [
        Object {
          "genre": "PVP 路 PUBG 路 Online",
          "id": "82354",
          "index": 1,
          "logo": "https://img.tapimg.com/market/icons/4cf4ff9eb0d623a2ae9cf5ecc49879c3_360.png?imageMogr2/auto-orient/strip",
          "name": "Fortnite",
          "provider": "Epic Games",
          "rating": "6.9",
          "region": "Global",
        },
      ]
    }
    getItem={[Function]}
    getItemCount={[Function]}
    keyExtractor={[Function]}
    onContentSizeChange={[Function]}
    onLayout={[Function]}
    onMomentumScrollBegin={[Function]}
    onMomentumScrollEnd={[Function]}
    onScroll={[Function]}
    onScrollBeginDrag={[Function]}
    onScrollEndDrag={[Function]}
    refreshControl={
      <RefreshControlMock
        onRefresh={[Function]}
        refreshing={false}
      />
    }
    removeClippedSubviews={false}
    renderItem={[Function]}
    scrollEventThrottle={50}
    stickyHeaderIndices={Array []}
    viewabilityConfigCallbackPairs={Array []}
  >
    <RCTRefreshControl />
    <View>
      <View
        onLayout={[Function]}
        style={null}
      >
        <View
          style={
            Object {
              "backgroundColor": "#ffffff",
              "borderRadius": 15,
              "flex": 1,
              "flexDirection": "row",
              "justifyContent": "space-evenly",
              "marginHorizontal": 16,
              "marginVertical": 8,
              "padding": 20,
            }
          }
        >
          <View
            style={
              Object {
                "alignSelf": "center",
                "flexDirection": "row",
                "justifyContent": "flex-start",
                "marginRight": 10,
                "width": "7%",
              }
            }
          >
            <Text
              style={
                Object {
                  "color": "black",
                  "fontSize": 20,
                  "fontWeight": "bold",
                }
              }
            >
              1
            </Text>
          </View>
          <View
            style={
              Object {
                "alignItems": "center",
                "justifyContent": "center",
                "width": "20%",
              }
            }
          >
            <Image
              resizeMode="contain"
              source={
                Object {
                  "uri": "https://img.tapimg.com/market/icons/4cf4ff9eb0d623a2ae9cf5ecc49879c3_360.png?imageMogr2/auto-orient/strip",
                }
              }
              style={
                Object {
                  "flex": 1,
                  "height": 80,
                  "width": 80,
                }
              }
            />
          </View>
          <View
            style={
              Object {
                "flex": 1,
                "flexDirection": "column",
                "justifyContent": "space-between",
                "marginHorizontal": 16,
                "width": "73%",
              }
            }
          >
            <Text
              onPress={[Function]}
              style={
                Object {
                  "color": "black",
                  "fontSize": 20,
                  "fontWeight": "bold",
                }
              }
            >
              Fortnite
            </Text>
            <Text
              style={
                Object {
                  "color": "#9B9B9B",
                  "fontSize": 18,
                  "fontWeight": "bold",
                }
              }
            >
              PVP 路 PUBG 路 Online
            </Text>
            <View
              style={
                Object {
                  "flex": 1,
                  "flexDirection": "row",
                  "justifyContent": "flex-start",
                }
              }
            >
              <Text
                style={
                  Object {
                    "color": "#9B9B9B",
                    "flex": 4,
                    "fontSize": 14,
                  }
                }
              >
                Epic Games
              </Text>
              <View
                style={
                  Object {
                    "flex": 1,
                    "flexDirection": "row",
                    "justifyContent": "center",
                  }
                }
              >
                <Image
                  resizeMode="contain"
                  source={
                    Object {
                      "process": [Function],
                    }
                  }
                  style={
                    Object {
                      "height": 20,
                      "width": 20,
                    }
                  }
                />
                <Text
                  style={
                    Object {
                      "color": "#9076FB",
                      "flex": 4,
                      "fontSize": 14,
                    }
                  }
                >
                  6.9
                </Text>
              </View>
            </View>
          </View>
        </View>
      </View>
    </View>
  </RCTScrollView>
</RCTSafeAreaView>
`;
