// Jest Snapshot v1, https://goo.gl/fbAQLP

exports[`Login Rendered Page 1`] = `
<View
  style={
    Object {
      "flex": 1,
    }
  }
>
  <View
    accessibilityIgnoresInvertColors={true}
    style={
      Object {
        "alignItems": "center",
        "flex": 1,
        "flexDirection": "column",
        "justifyContent": "center",
        "paddingBottom": 10,
        "paddingTop": 20,
      }
    }
  >
    <Image
      source={
        Object {
          "process": [Function],
        }
      }
      style={
        Array [
          Object {
            "bottom": 0,
            "left": 0,
            "position": "absolute",
            "right": 0,
            "top": 0,
          },
          Object {
            "height": undefined,
            "width": undefined,
          },
          undefined,
        ]
      }
    />
    <Text
      style={
        Object {
          "color": "#ffffff",
          "fontSize": 36,
          "fontStyle": "italic",
          "fontWeight": "bold",
          "marginBottom": 30,
        }
      }
    >
      TapTap Trend
    </Text>
    <View
      style={
        Object {
          "backgroundColor": "#ffffff",
          "borderRadius": 15,
          "flexDirection": "column",
          "height": 320,
          "justifyContent": "flex-start",
          "padding": 20,
          "width": 270,
        }
      }
    >
      <Text
        onPress={[Function]}
        style={
          Object {
            "fontSize": 18,
            "marginBottom": 10,
          }
        }
      >
        
      </Text>
      <TextInput
        keyboardType="numeric"
        onChangeText={[Function]}
        placeholder="UID"
        style={
          Object {
            "borderWidth": 1,
            "fontWeight": "bold",
            "height": 35,
            "marginBottom": 20,
            "marginHorizontal": 10,
            "padding": 10,
            "width": 210,
          }
        }
        value=""
      />
      <TextInput
        keyboardType="numeric"
        onChangeText={[Function]}
        placeholder="Password"
        style={
          Object {
            "borderWidth": 1,
            "fontWeight": "bold",
            "height": 35,
            "marginBottom": 20,
            "marginHorizontal": 10,
            "padding": 10,
            "width": 210,
          }
        }
        value=""
      />
      <View
        style={
          Object {
            "marginBottom": 20,
            "marginHorizontal": 10,
          }
        }
      >
        <View
          accessibilityRole="button"
          accessible={true}
          collapsable={false}
          focusable={true}
          nativeID="animatedComponent"
          onClick={[Function]}
          onResponderGrant={[Function]}
          onResponderMove={[Function]}
          onResponderRelease={[Function]}
          onResponderTerminate={[Function]}
          onResponderTerminationRequest={[Function]}
          onStartShouldSetResponder={[Function]}
          style={
            Object {
              "opacity": 1,
            }
          }
        >
          <View
            style={
              Array [
                Object {},
              ]
            }
          >
            <Text
              style={
                Array [
                  Object {
                    "color": "#007AFF",
                    "fontSize": 18,
                    "margin": 8,
                    "textAlign": "center",
                  },
                ]
              }
            >
              Sign in
            </Text>
          </View>
        </View>
      </View>
      <View
        style={
          Object {
            "marginBottom": 20,
            "marginHorizontal": 10,
          }
        }
      >
        <View
          accessibilityRole="button"
          accessible={true}
          collapsable={false}
          focusable={true}
          nativeID="animatedComponent"
          onClick={[Function]}
          onResponderGrant={[Function]}
          onResponderMove={[Function]}
          onResponderRelease={[Function]}
          onResponderTerminate={[Function]}
          onResponderTerminationRequest={[Function]}
          onStartShouldSetResponder={[Function]}
          style={
            Object {
              "opacity": 1,
            }
          }
        >
          <View
            style={
              Array [
                Object {},
              ]
            }
          >
            <Text
              style={
                Array [
                  Object {
                    "color": "#007AFF",
                    "fontSize": 18,
                    "margin": 8,
                    "textAlign": "center",
                  },
                  Object {
                    "color": "#F5A623",
                  },
                ]
              }
            >
              Sign Up
            </Text>
          </View>
        </View>
      </View>
    </View>
  </View>
</View>
`;
