// Jest Snapshot v1, https://goo.gl/fbAQLP

exports[`Game Flat List Rendered Page 1`] = `
<RCTSafeAreaView
  emulateUnlessSupported={true}
  style={
    Object {
      "flex": 1,
    }
  }
>
  <RCTScrollView
    data={
      Array [
        Object {
          "avatar_url": "https://img3.tapimg.com/third_avatars/8ae34ff7a2161faa5f1ad252d8cbfed4.jpg?imageMogr2/auto-orient/strip/thumbnail/!300x300r/gravity/Center/crop/300x300/format/jpg/interlace/1/quality/40",
          "content": "uhm what? I won in rank match then this happened",
          "id": 0,
          "link": "https://www.taptap.io/moment/201170072394272916",
          "post_time": "5 days ago",
          "poster": "Andrei Gariguez",
          "type": " General ",
          "views": " 35 Views ",
        },
      ]
    }
    getItem={[Function]}
    getItemCount={[Function]}
    keyExtractor={[Function]}
    onContentSizeChange={[Function]}
    onLayout={[Function]}
    onMomentumScrollBegin={[Function]}
    onMomentumScrollEnd={[Function]}
    onScroll={[Function]}
    onScrollBeginDrag={[Function]}
    onScrollEndDrag={[Function]}
    refreshControl={
      <RefreshControlMock
        onRefresh={[Function]}
        refreshing={false}
      />
    }
    removeClippedSubviews={false}
    renderItem={[Function]}
    scrollEventThrottle={50}
    stickyHeaderIndices={Array []}
    viewabilityConfigCallbackPairs={Array []}
  >
    <RCTRefreshControl />
    <View>
      <View
        onLayout={[Function]}
        style={null}
      >
        <View
          style={
            Object {
              "backgroundColor": "#ffffff",
              "borderRadius": 15,
              "flex": 1,
              "flexDirection": "column",
              "justifyContent": "space-evenly",
              "marginHorizontal": 16,
              "marginVertical": 8,
              "padding": 20,
            }
          }
        >
          <View
            style={
              Object {
                "alignItems": "center",
                "flex": 1,
                "flexDirection": "row",
                "height": "30%",
                "justifyContent": "flex-start",
              }
            }
          >
            <View
              style={
                Object {
                  "alignItems": "center",
                  "justifyContent": "center",
                  "width": "20%",
                }
              }
            >
              <Image
                resizeMode="contain"
                source={
                  Object {
                    "uri": "https://img3.tapimg.com/third_avatars/8ae34ff7a2161faa5f1ad252d8cbfed4.jpg?imageMogr2/auto-orient/strip/thumbnail/!300x300r/gravity/Center/crop/300x300/format/jpg/interlace/1/quality/40",
                  }
                }
                style={
                  Object {
                    "flex": 1,
                    "height": 35,
                    "width": 35,
                  }
                }
              />
            </View>
            <Text
              style={
                Object {
                  "color": "black",
                  "fontSize": 20,
                  "fontWeight": "bold",
                }
              }
            >
              Andrei Gariguez
            </Text>
            <View
              style={
                Object {
                  "flex": 1,
                  "flexDirection": "row",
                  "justifyContent": "center",
                  "marginLeft": 5,
                }
              }
            >
              <Text
                style={
                  Object {
                    "color": "#9076FB",
                    "flex": 4,
                    "fontSize": 14,
                  }
                }
              >
                 General 
              </Text>
            </View>
          </View>
          <View
            style={
              Object {
                "flex": 1,
                "height": "60%",
              }
            }
          >
            <RCTScrollView
              style={
                Object {
                  "marginLeft": 17,
                  "marginTop": 5,
                }
              }
            >
              <View>
                <Text
                  style={
                    Object {
                      "color": "black",
                      "fontSize": 14,
                      "fontWeight": "bold",
                    }
                  }
                >
                  uhm what? I won in rank match then this happened
                </Text>
              </View>
            </RCTScrollView>
          </View>
          <View
            style={
              Object {
                "alignItems": "center",
                "flex": 1,
                "flexDirection": "row",
                "height": "10%",
                "justifyContent": "flex-start",
                "marginLeft": 15,
              }
            }
          >
            <Text
              style={
                Object {
                  "color": "#9B9B9B",
                  "flex": 1,
                  "fontSize": 14,
                }
              }
            >
               35 Views 
            </Text>
            <Text
              style={
                Object {
                  "color": "#9B9B9B",
                  "flex": 1,
                  "fontSize": 14,
                }
              }
            >
              5 days ago
            </Text>
          </View>
        </View>
      </View>
    </View>
  </RCTScrollView>
</RCTSafeAreaView>
`;
