// Jest Snapshot v1, https://goo.gl/fbAQLP

exports[`Game Flat List Rendered Page 1`] = `
<RCTSafeAreaView
  emulateUnlessSupported={true}
  style={
    Object {
      "flex": 1,
    }
  }
>
  <RCTScrollView
    data={
      Array [
        Object {
          "avatar_url": "https://img3.tapimg.com/avatars/etag/FhWKmP9njgQkVuntFY9xQpxIgfvg.png?imageMogr2/auto-orient/strip/thumbnail/!300x300r/gravity/Center/crop/300x300/format/jpg/interlace/1/quality/40",
          "content": "looks great",
          "device": " Vivo V1955A ",
          "id": 0,
          "link": "https://www.taptap.io/review/2148582585",
          "rating": "5.0",
          "review_time": "22 hr ago",
          "reviewer": "康太郎",
        },
      ]
    }
    getItem={[Function]}
    getItemCount={[Function]}
    keyExtractor={[Function]}
    onContentSizeChange={[Function]}
    onLayout={[Function]}
    onMomentumScrollBegin={[Function]}
    onMomentumScrollEnd={[Function]}
    onScroll={[Function]}
    onScrollBeginDrag={[Function]}
    onScrollEndDrag={[Function]}
    refreshControl={
      <RefreshControlMock
        onRefresh={[Function]}
        refreshing={false}
      />
    }
    removeClippedSubviews={false}
    renderItem={[Function]}
    scrollEventThrottle={50}
    stickyHeaderIndices={Array []}
    viewabilityConfigCallbackPairs={Array []}
  >
    <RCTRefreshControl />
    <View>
      <View
        onLayout={[Function]}
        style={null}
      >
        <View
          style={
            Object {
              "backgroundColor": "#ffffff",
              "borderRadius": 15,
              "flex": 1,
              "flexDirection": "column",
              "justifyContent": "space-evenly",
              "marginHorizontal": 16,
              "marginVertical": 8,
              "padding": 20,
            }
          }
        >
          <View
            style={
              Object {
                "alignItems": "center",
                "flex": 1,
                "flexDirection": "row",
                "height": "30%",
                "justifyContent": "flex-start",
              }
            }
          >
            <View
              style={
                Object {
                  "alignItems": "center",
                  "justifyContent": "center",
                  "width": "20%",
                }
              }
            >
              <Image
                resizeMode="contain"
                source={
                  Object {
                    "uri": "https://img3.tapimg.com/avatars/etag/FhWKmP9njgQkVuntFY9xQpxIgfvg.png?imageMogr2/auto-orient/strip/thumbnail/!300x300r/gravity/Center/crop/300x300/format/jpg/interlace/1/quality/40",
                  }
                }
                style={
                  Object {
                    "flex": 1,
                    "height": 35,
                    "width": 35,
                  }
                }
              />
            </View>
            <Text
              style={
                Object {
                  "color": "black",
                  "fontSize": 16,
                  "fontWeight": "bold",
                }
              }
            >
              康太郎
            </Text>
            <View
              style={
                Object {
                  "flex": 1,
                  "flexDirection": "row",
                  "justifyContent": "center",
                  "marginLeft": 5,
                }
              }
            >
              <Image
                resizeMode="contain"
                source={
                  Object {
                    "process": [Function],
                  }
                }
                style={
                  Object {
                    "height": 20,
                    "width": 20,
                  }
                }
              />
              <Text
                style={
                  Object {
                    "color": "#9076FB",
                    "flex": 4,
                    "fontSize": 14,
                  }
                }
              >
                5.0
              </Text>
            </View>
            <Text
              style={
                Object {
                  "color": "#9B9B9B",
                  "flex": 1,
                  "fontSize": 14,
                }
              }
            >
              22 hr ago
            </Text>
          </View>
          <View
            style={
              Object {
                "flex": 1,
                "height": "60%",
              }
            }
          >
            <RCTScrollView
              style={
                Object {
                  "marginLeft": 17,
                  "marginTop": 5,
                }
              }
            >
              <View>
                <Text
                  style={
                    Object {
                      "color": "black",
                      "fontSize": 14,
                      "fontWeight": "bold",
                    }
                  }
                >
                  looks great
                </Text>
              </View>
            </RCTScrollView>
          </View>
          <View
            style={
              Object {
                "alignItems": "center",
                "flex": 1,
                "flexDirection": "row",
                "height": "10%",
                "justifyContent": "flex-start",
                "marginLeft": 15,
              }
            }
          >
            <Text
              style={
                Object {
                  "color": "#9B9B9B",
                  "flex": 1,
                  "fontSize": 14,
                }
              }
            >
              Played 0 min
            </Text>
            <Text
              style={
                Object {
                  "color": "#9B9B9B",
                  "flex": 1,
                  "fontSize": 14,
                }
              }
            >
               Vivo V1955A 
            </Text>
          </View>
        </View>
      </View>
    </View>
  </RCTScrollView>
</RCTSafeAreaView>
`;
